// Jest Snapshot v1, https://goo.gl/fbAQLP

exports[`homePage renders correctly 1`] = `
Object {
  "asFragment": [Function],
  "baseElement": <body>
    <div>
      <div
        class="intro"
      >
        <img
          alt=""
          src="./images/world.svg"
        />
        <div>
          <h4>
            The World
          </h4>
          <span>
            195 countries
          </span>
        </div>
      </div>
      <h3>
        STATS BY CONTINENT
      </h3>
      <div
        class="cards-container"
      >
        <a
          class="card"
          href="/details/Africa"
        >
          <div
            class="arrow"
          >
            <svg
              fill="currentColor"
              height="1em"
              stroke="currentColor"
              stroke-width="0"
              viewBox="0 0 16 16"
              width="1em"
              xmlns="http://www.w3.org/2000/svg"
            >
              <path
                d="M8 0a8 8 0 1 1 0 16A8 8 0 0 1 8 0zM4.5 7.5a.5.5 0 0 0 0 1h5.793l-2.147 2.146a.5.5 0 0 0 .708.708l3-3a.5.5 0 0 0 0-.708l-3-3a.5.5 0 1 0-.708.708L10.293 7.5H4.5z"
              />
            </svg>
          </div>
          <img
            alt="contImgae"
            src="/images/africa.svg"
          />
          <li>
            Africa
             
            <br />
            <span>
              54
            </span>
          </li>
        </a>
        <a
          class="card"
          href="/details/Asia"
        >
          <div
            class="arrow"
          >
            <svg
              fill="currentColor"
              height="1em"
              stroke="currentColor"
              stroke-width="0"
              viewBox="0 0 16 16"
              width="1em"
              xmlns="http://www.w3.org/2000/svg"
            >
              <path
                d="M8 0a8 8 0 1 1 0 16A8 8 0 0 1 8 0zM4.5 7.5a.5.5 0 0 0 0 1h5.793l-2.147 2.146a.5.5 0 0 0 .708.708l3-3a.5.5 0 0 0 0-.708l-3-3a.5.5 0 1 0-.708.708L10.293 7.5H4.5z"
              />
            </svg>
          </div>
          <img
            alt="contImgae"
            src="./images/asia.svg"
          />
          <li>
            Asia
             
            <br />
            <span>
              48
            </span>
          </li>
        </a>
        <a
          class="card"
          href="/details/Europe"
        >
          <div
            class="arrow"
          >
            <svg
              fill="currentColor"
              height="1em"
              stroke="currentColor"
              stroke-width="0"
              viewBox="0 0 16 16"
              width="1em"
              xmlns="http://www.w3.org/2000/svg"
            >
              <path
                d="M8 0a8 8 0 1 1 0 16A8 8 0 0 1 8 0zM4.5 7.5a.5.5 0 0 0 0 1h5.793l-2.147 2.146a.5.5 0 0 0 .708.708l3-3a.5.5 0 0 0 0-.708l-3-3a.5.5 0 1 0-.708.708L10.293 7.5H4.5z"
              />
            </svg>
          </div>
          <img
            alt="contImgae"
            src="/images/europe.svg"
          />
          <li>
            Europe
             
            <br />
            <span>
              44
            </span>
          </li>
        </a>
        <a
          class="card"
          href="/details/Oceania"
        >
          <div
            class="arrow"
          >
            <svg
              fill="currentColor"
              height="1em"
              stroke="currentColor"
              stroke-width="0"
              viewBox="0 0 16 16"
              width="1em"
              xmlns="http://www.w3.org/2000/svg"
            >
              <path
                d="M8 0a8 8 0 1 1 0 16A8 8 0 0 1 8 0zM4.5 7.5a.5.5 0 0 0 0 1h5.793l-2.147 2.146a.5.5 0 0 0 .708.708l3-3a.5.5 0 0 0 0-.708l-3-3a.5.5 0 1 0-.708.708L10.293 7.5H4.5z"
              />
            </svg>
          </div>
          <img
            alt="contImgae"
            src="/images/oceania.svg"
          />
          <li>
            Oceania
             
            <br />
            <span>
              14
            </span>
          </li>
        </a>
        <a
          class="card"
          href="/details/North America"
        >
          <div
            class="arrow"
          >
            <svg
              fill="currentColor"
              height="1em"
              stroke="currentColor"
              stroke-width="0"
              viewBox="0 0 16 16"
              width="1em"
              xmlns="http://www.w3.org/2000/svg"
            >
              <path
                d="M8 0a8 8 0 1 1 0 16A8 8 0 0 1 8 0zM4.5 7.5a.5.5 0 0 0 0 1h5.793l-2.147 2.146a.5.5 0 0 0 .708.708l3-3a.5.5 0 0 0 0-.708l-3-3a.5.5 0 1 0-.708.708L10.293 7.5H4.5z"
              />
            </svg>
          </div>
          <img
            alt="contImgae"
            src="/images/north-america.svg"
          />
          <li>
            North America
             
            <br />
            <span>
              23
            </span>
          </li>
        </a>
        <a
          class="card"
          href="/details/South America"
        >
          <div
            class="arrow"
          >
            <svg
              fill="currentColor"
              height="1em"
              stroke="currentColor"
              stroke-width="0"
              viewBox="0 0 16 16"
              width="1em"
              xmlns="http://www.w3.org/2000/svg"
            >
              <path
                d="M8 0a8 8 0 1 1 0 16A8 8 0 0 1 8 0zM4.5 7.5a.5.5 0 0 0 0 1h5.793l-2.147 2.146a.5.5 0 0 0 .708.708l3-3a.5.5 0 0 0 0-.708l-3-3a.5.5 0 1 0-.708.708L10.293 7.5H4.5z"
              />
            </svg>
          </div>
          <img
            alt="contImgae"
            src="/images/south-america.svg"
          />
          <li>
            South America
             
            <br />
            <span>
              12
            </span>
          </li>
        </a>
        <a
          class="card"
          href="/details/Antarctica"
        >
          <div
            class="arrow"
          >
            <svg
              fill="currentColor"
              height="1em"
              stroke="currentColor"
              stroke-width="0"
              viewBox="0 0 16 16"
              width="1em"
              xmlns="http://www.w3.org/2000/svg"
            >
              <path
                d="M8 0a8 8 0 1 1 0 16A8 8 0 0 1 8 0zM4.5 7.5a.5.5 0 0 0 0 1h5.793l-2.147 2.146a.5.5 0 0 0 .708.708l3-3a.5.5 0 0 0 0-.708l-3-3a.5.5 0 1 0-.708.708L10.293 7.5H4.5z"
              />
            </svg>
          </div>
          <img
            alt="contImgae"
            src="/images/antarctica.svg"
          />
          <li>
            Antarctica
             
            <br />
            <span>
              0
            </span>
          </li>
        </a>
      </div>
    </div>
  </body>,
  "container": <div>
    <div
      class="intro"
    >
      <img
        alt=""
        src="./images/world.svg"
      />
      <div>
        <h4>
          The World
        </h4>
        <span>
          195 countries
        </span>
      </div>
    </div>
    <h3>
      STATS BY CONTINENT
    </h3>
    <div
      class="cards-container"
    >
      <a
        class="card"
        href="/details/Africa"
      >
        <div
          class="arrow"
        >
          <svg
            fill="currentColor"
            height="1em"
            stroke="currentColor"
            stroke-width="0"
            viewBox="0 0 16 16"
            width="1em"
            xmlns="http://www.w3.org/2000/svg"
          >
            <path
              d="M8 0a8 8 0 1 1 0 16A8 8 0 0 1 8 0zM4.5 7.5a.5.5 0 0 0 0 1h5.793l-2.147 2.146a.5.5 0 0 0 .708.708l3-3a.5.5 0 0 0 0-.708l-3-3a.5.5 0 1 0-.708.708L10.293 7.5H4.5z"
            />
          </svg>
        </div>
        <img
          alt="contImgae"
          src="/images/africa.svg"
        />
        <li>
          Africa
           
          <br />
          <span>
            54
          </span>
        </li>
      </a>
      <a
        class="card"
        href="/details/Asia"
      >
        <div
          class="arrow"
        >
          <svg
            fill="currentColor"
            height="1em"
            stroke="currentColor"
            stroke-width="0"
            viewBox="0 0 16 16"
            width="1em"
            xmlns="http://www.w3.org/2000/svg"
          >
            <path
              d="M8 0a8 8 0 1 1 0 16A8 8 0 0 1 8 0zM4.5 7.5a.5.5 0 0 0 0 1h5.793l-2.147 2.146a.5.5 0 0 0 .708.708l3-3a.5.5 0 0 0 0-.708l-3-3a.5.5 0 1 0-.708.708L10.293 7.5H4.5z"
            />
          </svg>
        </div>
        <img
          alt="contImgae"
          src="./images/asia.svg"
        />
        <li>
          Asia
           
          <br />
          <span>
            48
          </span>
        </li>
      </a>
      <a
        class="card"
        href="/details/Europe"
      >
        <div
          class="arrow"
        >
          <svg
            fill="currentColor"
            height="1em"
            stroke="currentColor"
            stroke-width="0"
            viewBox="0 0 16 16"
            width="1em"
            xmlns="http://www.w3.org/2000/svg"
          >
            <path
              d="M8 0a8 8 0 1 1 0 16A8 8 0 0 1 8 0zM4.5 7.5a.5.5 0 0 0 0 1h5.793l-2.147 2.146a.5.5 0 0 0 .708.708l3-3a.5.5 0 0 0 0-.708l-3-3a.5.5 0 1 0-.708.708L10.293 7.5H4.5z"
            />
          </svg>
        </div>
        <img
          alt="contImgae"
          src="/images/europe.svg"
        />
        <li>
          Europe
           
          <br />
          <span>
            44
          </span>
        </li>
      </a>
      <a
        class="card"
        href="/details/Oceania"
      >
        <div
          class="arrow"
        >
          <svg
            fill="currentColor"
            height="1em"
            stroke="currentColor"
            stroke-width="0"
            viewBox="0 0 16 16"
            width="1em"
            xmlns="http://www.w3.org/2000/svg"
          >
            <path
              d="M8 0a8 8 0 1 1 0 16A8 8 0 0 1 8 0zM4.5 7.5a.5.5 0 0 0 0 1h5.793l-2.147 2.146a.5.5 0 0 0 .708.708l3-3a.5.5 0 0 0 0-.708l-3-3a.5.5 0 1 0-.708.708L10.293 7.5H4.5z"
            />
          </svg>
        </div>
        <img
          alt="contImgae"
          src="/images/oceania.svg"
        />
        <li>
          Oceania
           
          <br />
          <span>
            14
          </span>
        </li>
      </a>
      <a
        class="card"
        href="/details/North America"
      >
        <div
          class="arrow"
        >
          <svg
            fill="currentColor"
            height="1em"
            stroke="currentColor"
            stroke-width="0"
            viewBox="0 0 16 16"
            width="1em"
            xmlns="http://www.w3.org/2000/svg"
          >
            <path
              d="M8 0a8 8 0 1 1 0 16A8 8 0 0 1 8 0zM4.5 7.5a.5.5 0 0 0 0 1h5.793l-2.147 2.146a.5.5 0 0 0 .708.708l3-3a.5.5 0 0 0 0-.708l-3-3a.5.5 0 1 0-.708.708L10.293 7.5H4.5z"
            />
          </svg>
        </div>
        <img
          alt="contImgae"
          src="/images/north-america.svg"
        />
        <li>
          North America
           
          <br />
          <span>
            23
          </span>
        </li>
      </a>
      <a
        class="card"
        href="/details/South America"
      >
        <div
          class="arrow"
        >
          <svg
            fill="currentColor"
            height="1em"
            stroke="currentColor"
            stroke-width="0"
            viewBox="0 0 16 16"
            width="1em"
            xmlns="http://www.w3.org/2000/svg"
          >
            <path
              d="M8 0a8 8 0 1 1 0 16A8 8 0 0 1 8 0zM4.5 7.5a.5.5 0 0 0 0 1h5.793l-2.147 2.146a.5.5 0 0 0 .708.708l3-3a.5.5 0 0 0 0-.708l-3-3a.5.5 0 1 0-.708.708L10.293 7.5H4.5z"
            />
          </svg>
        </div>
        <img
          alt="contImgae"
          src="/images/south-america.svg"
        />
        <li>
          South America
           
          <br />
          <span>
            12
          </span>
        </li>
      </a>
      <a
        class="card"
        href="/details/Antarctica"
      >
        <div
          class="arrow"
        >
          <svg
            fill="currentColor"
            height="1em"
            stroke="currentColor"
            stroke-width="0"
            viewBox="0 0 16 16"
            width="1em"
            xmlns="http://www.w3.org/2000/svg"
          >
            <path
              d="M8 0a8 8 0 1 1 0 16A8 8 0 0 1 8 0zM4.5 7.5a.5.5 0 0 0 0 1h5.793l-2.147 2.146a.5.5 0 0 0 .708.708l3-3a.5.5 0 0 0 0-.708l-3-3a.5.5 0 1 0-.708.708L10.293 7.5H4.5z"
            />
          </svg>
        </div>
        <img
          alt="contImgae"
          src="/images/antarctica.svg"
        />
        <li>
          Antarctica
           
          <br />
          <span>
            0
          </span>
        </li>
      </a>
    </div>
  </div>,
  "debug": [Function],
  "findAllByAltText": [Function],
  "findAllByDisplayValue": [Function],
  "findAllByLabelText": [Function],
  "findAllByPlaceholderText": [Function],
  "findAllByRole": [Function],
  "findAllByTestId": [Function],
  "findAllByText": [Function],
  "findAllByTitle": [Function],
  "findByAltText": [Function],
  "findByDisplayValue": [Function],
  "findByLabelText": [Function],
  "findByPlaceholderText": [Function],
  "findByRole": [Function],
  "findByTestId": [Function],
  "findByText": [Function],
  "findByTitle": [Function],
  "getAllByAltText": [Function],
  "getAllByDisplayValue": [Function],
  "getAllByLabelText": [Function],
  "getAllByPlaceholderText": [Function],
  "getAllByRole": [Function],
  "getAllByTestId": [Function],
  "getAllByText": [Function],
  "getAllByTitle": [Function],
  "getByAltText": [Function],
  "getByDisplayValue": [Function],
  "getByLabelText": [Function],
  "getByPlaceholderText": [Function],
  "getByRole": [Function],
  "getByTestId": [Function],
  "getByText": [Function],
  "getByTitle": [Function],
  "queryAllByAltText": [Function],
  "queryAllByDisplayValue": [Function],
  "queryAllByLabelText": [Function],
  "queryAllByPlaceholderText": [Function],
  "queryAllByRole": [Function],
  "queryAllByTestId": [Function],
  "queryAllByText": [Function],
  "queryAllByTitle": [Function],
  "queryByAltText": [Function],
  "queryByDisplayValue": [Function],
  "queryByLabelText": [Function],
  "queryByPlaceholderText": [Function],
  "queryByRole": [Function],
  "queryByTestId": [Function],
  "queryByText": [Function],
  "queryByTitle": [Function],
  "rerender": [Function],
  "unmount": [Function],
}
`;
